Archive member included to satisfy reference by file (symbol)

C:/ST/STM32CubeIDE_1.19.0/STM32CubeIDE/plugins/com.st.stm32cube.ide.mcu.externaltools.gnu-tools-for-stm32.13.3.rel1.win32_1.0.0.202411081344/tools/bin/../lib/gcc/arm-none-eabi/13.3.1/../../../../arm-none-eabi/lib/thumb/v7-m/nofp\libc_nano.a(libc_a-exit.o)
                              C:/ST/STM32CubeIDE_1.19.0/STM32CubeIDE/plugins/com.st.stm32cube.ide.mcu.externaltools.gnu-tools-for-stm32.13.3.rel1.win32_1.0.0.202411081344/tools/bin/../lib/gcc/arm-none-eabi/13.3.1/../../../../arm-none-eabi/lib/thumb/v7-m/nofp/crt0.o (exit)
C:/ST/STM32CubeIDE_1.19.0/STM32CubeIDE/plugins/com.st.stm32cube.ide.mcu.externaltools.gnu-tools-for-stm32.13.3.rel1.win32_1.0.0.202411081344/tools/bin/../lib/gcc/arm-none-eabi/13.3.1/../../../../arm-none-eabi/lib/thumb/v7-m/nofp\libc_nano.a(libc_a-findfp.o)
                              C:/ST/STM32CubeIDE_1.19.0/STM32CubeIDE/plugins/com.st.stm32cube.ide.mcu.externaltools.gnu-tools-for-stm32.13.3.rel1.win32_1.0.0.202411081344/tools/bin/../lib/gcc/arm-none-eabi/13.3.1/../../../../arm-none-eabi/lib/thumb/v7-m/nofp\libc_nano.a(libc_a-exit.o) (__stdio_exit_handler)
C:/ST/STM32CubeIDE_1.19.0/STM32CubeIDE/plugins/com.st.stm32cube.ide.mcu.externaltools.gnu-tools-for-stm32.13.3.rel1.win32_1.0.0.202411081344/tools/bin/../lib/gcc/arm-none-eabi/13.3.1/../../../../arm-none-eabi/lib/thumb/v7-m/nofp\libc_nano.a(libc_a-fwalk.o)
                              C:/ST/STM32CubeIDE_1.19.0/STM32CubeIDE/plugins/com.st.stm32cube.ide.mcu.externaltools.gnu-tools-for-stm32.13.3.rel1.win32_1.0.0.202411081344/tools/bin/../lib/gcc/arm-none-eabi/13.3.1/../../../../arm-none-eabi/lib/thumb/v7-m/nofp\libc_nano.a(libc_a-findfp.o) (_fwalk_sglue)
C:/ST/STM32CubeIDE_1.19.0/STM32CubeIDE/plugins/com.st.stm32cube.ide.mcu.externaltools.gnu-tools-for-stm32.13.3.rel1.win32_1.0.0.202411081344/tools/bin/../lib/gcc/arm-none-eabi/13.3.1/../../../../arm-none-eabi/lib/thumb/v7-m/nofp\libc_nano.a(libc_a-stdio.o)
                              C:/ST/STM32CubeIDE_1.19.0/STM32CubeIDE/plugins/com.st.stm32cube.ide.mcu.externaltools.gnu-tools-for-stm32.13.3.rel1.win32_1.0.0.202411081344/tools/bin/../lib/gcc/arm-none-eabi/13.3.1/../../../../arm-none-eabi/lib/thumb/v7-m/nofp\libc_nano.a(libc_a-findfp.o) (__sread)
C:/ST/STM32CubeIDE_1.19.0/STM32CubeIDE/plugins/com.st.stm32cube.ide.mcu.externaltools.gnu-tools-for-stm32.13.3.rel1.win32_1.0.0.202411081344/tools/bin/../lib/gcc/arm-none-eabi/13.3.1/../../../../arm-none-eabi/lib/thumb/v7-m/nofp\libc_nano.a(libc_a-memset.o)
                              C:/ST/STM32CubeIDE_1.19.0/STM32CubeIDE/plugins/com.st.stm32cube.ide.mcu.externaltools.gnu-tools-for-stm32.13.3.rel1.win32_1.0.0.202411081344/tools/bin/../lib/gcc/arm-none-eabi/13.3.1/../../../../arm-none-eabi/lib/thumb/v7-m/nofp/crt0.o (memset)
C:/ST/STM32CubeIDE_1.19.0/STM32CubeIDE/plugins/com.st.stm32cube.ide.mcu.externaltools.gnu-tools-for-stm32.13.3.rel1.win32_1.0.0.202411081344/tools/bin/../lib/gcc/arm-none-eabi/13.3.1/../../../../arm-none-eabi/lib/thumb/v7-m/nofp\libc_nano.a(libc_a-closer.o)
                              C:/ST/STM32CubeIDE_1.19.0/STM32CubeIDE/plugins/com.st.stm32cube.ide.mcu.externaltools.gnu-tools-for-stm32.13.3.rel1.win32_1.0.0.202411081344/tools/bin/../lib/gcc/arm-none-eabi/13.3.1/../../../../arm-none-eabi/lib/thumb/v7-m/nofp\libc_nano.a(libc_a-stdio.o) (_close_r)
C:/ST/STM32CubeIDE_1.19.0/STM32CubeIDE/plugins/com.st.stm32cube.ide.mcu.externaltools.gnu-tools-for-stm32.13.3.rel1.win32_1.0.0.202411081344/tools/bin/../lib/gcc/arm-none-eabi/13.3.1/../../../../arm-none-eabi/lib/thumb/v7-m/nofp\libc_nano.a(libc_a-reent.o)
                              C:/ST/STM32CubeIDE_1.19.0/STM32CubeIDE/plugins/com.st.stm32cube.ide.mcu.externaltools.gnu-tools-for-stm32.13.3.rel1.win32_1.0.0.202411081344/tools/bin/../lib/gcc/arm-none-eabi/13.3.1/../../../../arm-none-eabi/lib/thumb/v7-m/nofp\libc_nano.a(libc_a-closer.o) (errno)
C:/ST/STM32CubeIDE_1.19.0/STM32CubeIDE/plugins/com.st.stm32cube.ide.mcu.externaltools.gnu-tools-for-stm32.13.3.rel1.win32_1.0.0.202411081344/tools/bin/../lib/gcc/arm-none-eabi/13.3.1/../../../../arm-none-eabi/lib/thumb/v7-m/nofp\libc_nano.a(libc_a-impure.o)
                              C:/ST/STM32CubeIDE_1.19.0/STM32CubeIDE/plugins/com.st.stm32cube.ide.mcu.externaltools.gnu-tools-for-stm32.13.3.rel1.win32_1.0.0.202411081344/tools/bin/../lib/gcc/arm-none-eabi/13.3.1/../../../../arm-none-eabi/lib/thumb/v7-m/nofp\libc_nano.a(libc_a-reent.o) (_impure_ptr)
C:/ST/STM32CubeIDE_1.19.0/STM32CubeIDE/plugins/com.st.stm32cube.ide.mcu.externaltools.gnu-tools-for-stm32.13.3.rel1.win32_1.0.0.202411081344/tools/bin/../lib/gcc/arm-none-eabi/13.3.1/../../../../arm-none-eabi/lib/thumb/v7-m/nofp\libc_nano.a(libc_a-lseekr.o)
[...]
Memory Configuration

Name             Origin             Length             Attributes
RAM              0x20000000         0x00005000         xrw
FLASH            0x08000000         0x00010000         xr
*default*        0x00000000         0xffffffff

Linker script and memory map

LOAD C:/ST/STM32CubeIDE_1.19.0/STM32CubeIDE/plugins/com.st.stm32cube.ide.mcu.externaltools.gnu-tools-for-stm32.13.3.rel1.win32_1.0.0.202411081344/tools/bin/../lib/gcc/arm-none-eabi/13.3.1/thumb/v7-m/nofp/crti.o
LOAD C:/ST/STM32CubeIDE_1.19.0/STM32CubeIDE/plugins/com.st.stm32cube.ide.mcu.externaltools.gnu-tools-for-stm32.13.3.rel1.win32_1.0.0.202411081344/tools/bin/../lib/gcc/arm-none-eabi/13.3.1/thumb/v7-m/nofp/crtbegin.o
LOAD C:/ST/STM32CubeIDE_1.19.0/STM32CubeIDE/plugins/com.st.stm32cube.ide.mcu.externaltools.gnu-tools-for-stm32.13.3.rel1.win32_1.0.0.202411081344/tools/bin/../lib/gcc/arm-none-eabi/13.3.1/../../../../arm-none-eabi/lib/thumb/v7-m/nofp/crt0.o
LOAD ./Core/Src/freertos.o
LOAD ./Core/Src/gpio.o
LOAD ./Core/Src/main.o
LOAD ./Core/Src/stm32f1xx_hal_msp.o
LOAD ./Core/Src/stm32f1xx_it.o
LOAD ./Core/Src/syscalls.o
LOAD ./Core/Src/sysmem.o
LOAD ./Core/Src/system_stm32f1xx.o
LOAD ./Core/Src/usart.o
LOAD ./Core/Startup/startup_stm32f103c8tx.o
LOAD ./Drivers/STM32F1xx_HAL_Driver/Src/stm32f1xx_hal.o
LOAD ./Drivers/STM32F1xx_HAL_Driver/Src/stm32f1xx_hal_cortex.o
LOAD ./Drivers/STM32F1xx_HAL_Driver/Src/stm32f1xx_hal_dma.o
LOAD ./Drivers/STM32F1xx_HAL_Driver/Src/stm32f1xx_hal_exti.o
LOAD ./Drivers/STM32F1xx_HAL_Driver/Src/stm32f1xx_hal_flash.o
LOAD ./Drivers/STM32F1xx_HAL_Driver/Src/stm32f1xx_hal_flash_ex.o
LOAD ./Drivers/STM32F1xx_HAL_Driver/Src/stm32f1xx_hal_gpio.o
LOAD ./Drivers/STM32F1xx_HAL_Driver/Src/stm32f1xx_hal_gpio_ex.o
LOAD ./Drivers/STM32F1xx_HAL_Driver/Src/stm32f1xx_hal_pwr.o
LOAD ./Drivers/STM32F1xx_HAL_Driver/Src/stm32f1xx_hal_rcc.o
LOAD ./Drivers/STM32F1xx_HAL_Driver/Src/stm32f1xx_hal_rcc_ex.o
LOAD ./Drivers/STM32F1xx_HAL_Driver/Src/stm32f1xx_hal_uart.o
LOAD ./Middlewares/Third_Party/FreeRTOS/Source/CMSIS_RTOS/cmsis_os.o
LOAD ./Middlewares/Third_Party/FreeRTOS/Source/croutine.o
LOAD ./Middlewares/Third_Party/FreeRTOS/Source/event_groups.o
LOAD ./Middlewares/Third_Party/FreeRTOS/Source/list.o
LOAD ./Middlewares/Third_Party/FreeRTOS/Source/queue.o
LOAD ./Middlewares/Third_Party/FreeRTOS/Source/stream_buffer.o
LOAD ./Middlewares/Third_Party/FreeRTOS/Source/tasks.o
LOAD ./Middlewares/Third_Party/FreeRTOS/Source/timers.o
LOAD ./Middlewares/Third_Party/FreeRTOS/Source/portable/GCC/ARM_CM3/port.o
LOAD ./Middlewares/Third_Party/FreeRTOS/Source/portable/MemMang/heap_4.o
START GROUP
LOAD C:/ST/STM32CubeIDE_1.19.0/STM32CubeIDE/plugins/com.st.stm32cube.ide.mcu.externaltools.gnu-tools-for-stm32.13.3.rel1.win32_1.0.0.202411081344/tools/bin/../lib/gcc/arm-none-eabi/13.3.1/../../../../arm-none-eabi/lib/thumb/v7-m/nofp\libc_nano.a
LOAD C:/ST/STM32CubeIDE_1.19.0/STM32CubeIDE/plugins/com.st.stm32cube.ide.mcu.externaltools.gnu-tools-for-stm32.13.3.rel1.win32_1.0.0.202411081344/tools/bin/../lib/gcc/arm-none-eabi/13.3.1/../../../../arm-none-eabi/lib/thumb/v7-m/nofp\libm.a
END GROUP
START GROUP
LOAD C:/ST/STM32CubeIDE_1.19.0/STM32CubeIDE/plugins/com.st.stm32cube.ide.mcu.externaltools.gnu-tools-for-stm32.13.3.rel1.win32_1.0.0.202411081344/tools/bin/../lib/gcc/arm-none-eabi/13.3.1/thumb/v7-m/nofp\libgcc.a
LOAD C:/ST/STM32CubeIDE_1.19.0/STM32CubeIDE/plugins/com.st.stm32cube.ide.mcu.externaltools.gnu-tools-for-stm32.13.3.rel1.win32_1.0.0.202411081344/tools/bin/../lib/gcc/arm-none-eabi/13.3.1/../../../../arm-none-eabi/lib/thumb/v7-m/nofp\libc_nano.a
END GROUP
START GROUP
LOAD C:/ST/STM32CubeIDE_1.19.0/STM32CubeIDE/plugins/com.st.stm32cube.ide.mcu.externaltools.gnu-tools-for-stm32.13.3.rel1.win32_1.0.0.202411081344/tools/bin/../lib/gcc/arm-none-eabi/13.3.1/thumb/v7-m/nofp\libgcc.a
LOAD C:/ST/STM32CubeIDE_1.19.0/STM32CubeIDE/plugins/com.st.stm32cube.ide.mcu.externaltools.gnu-tools-for-stm32.13.3.rel1.win32_1.0.0.202411081344/tools/bin/../lib/gcc/arm-none-eabi/13.3.1/../../../../arm-none-eabi/lib/thumb/v7-m/nofp\libc_nano.a
LOAD C:/ST/STM32CubeIDE_1.19.0/STM32CubeIDE/plugins/com.st.stm32cube.ide.mcu.externaltools.gnu-tools-for-stm32.13.3.rel1.win32_1.0.0.202411081344/tools/bin/../lib/gcc/arm-none-eabi/13.3.1/../../../../arm-none-eabi/lib/thumb/v7-m/nofp\libnosys.a
END GROUP
START GROUP
LOAD C:/ST/STM32CubeIDE_1.19.0/STM32CubeIDE/plugins/com.st.stm32cube.ide.mcu.externaltools.gnu-tools-for-stm32.13.3.rel1.win32_1.0.0.202411081344/tools/bin/../lib/gcc/arm-none-eabi/13.3.1/thumb/v7-m/nofp\libgcc.a
LOAD C:/ST/STM32CubeIDE_1.19.0/STM32CubeIDE/plugins/com.st.stm32cube.ide.mcu.externaltools.gnu-tools-for-stm32.13.3.rel1.win32_1.0.0.202411081344/tools/bin/../lib/gcc/arm-none-eabi/13.3.1/../../../../arm-none-eabi/lib/thumb/v7-m/nofp\libc_nano.a
LOAD C:/ST/STM32CubeIDE_1.19.0/STM32CubeIDE/plugins/com.st.stm32cube.ide.mcu.externaltools.gnu-tools-for-stm32.13.3.rel1.win32_1.0.0.202411081344/tools/bin/../lib/gcc/arm-none-eabi/13.3.1/../../../../arm-none-eabi/lib/thumb/v7-m/nofp\libnosys.a
END GROUP
LOAD C:/ST/STM32CubeIDE_1.19.0/STM32CubeIDE/plugins/com.st.stm32cube.ide.mcu.externaltools.gnu-tools-for-stm32.13.3.rel1.win32_1.0.0.202411081344/tools/bin/../lib/gcc/arm-none-eabi/13.3.1/thumb/v7-m/nofp/crtend.o
LOAD C:/ST/STM32CubeIDE_1.19.0/STM32CubeIDE/plugins/com.st.stm32cube.ide.mcu.externaltools.gnu-tools-for-stm32.13.3.rel1.win32_1.0.0.202411081344/tools/bin/../lib/gcc/arm-none-eabi/13.3.1/thumb/v7-m/nofp/crtn.o
                0x20005000                        _estack = (ORIGIN (RAM) + LENGTH (RAM))
                0x00000200                        _Min_Heap_Size = 0x200
                0x00000400                        _Min_Stack_Size = 0x400

.isr_vector     0x08000000      0x10c
                0x08000000                        . = ALIGN (0x4)
 *(.isr_vector)
 .isr_vector    0x08000000      0x10c ./Core/Startup/startup_stm32f103c8tx.o
                0x08000000                g_pfnVectors
                0x0800010c                        . = ALIGN (0x4)

.text           0x08000110     0x3ef4
                0x08000110                        . = ALIGN (0x4)
 *(.text)
 .text          0x08000110       0x40 C:/ST/STM32CubeIDE_1.19.0/STM32CubeIDE/plugins/com.st.stm32cube.ide.mcu.externaltools.gnu-tools-for-stm32.13.3.rel1.win32_1.0.0.202411081344/tools/bin/../lib/gcc/arm-none-eabi/13.3.1/thumb/v7-m/nofp/crtbegin.o
 *(.text*)
 .text.vApplicationGetIdleTaskMemory
                0x08000150       0x30 ./Core/Src/freertos.o
                0x08000150                vApplicationGetIdleTaskMemory
 .text.MX_FREERTOS_Init
                0x08000180       0xe0 ./Core/Src/freertos.o
                0x08000180                MX_FREERTOS_Init
 .text.StartDefaultTask
                0x08000260       0x10 ./Core/Src/freertos.o
                0x08000260                StartDefaultTask
 .text.StartLowTask
                0x08000270       0x6c ./Core/Src/freertos.o
                0x08000270                StartLowTask
 .text.StartMediumTask
                0x080002dc       0x28 ./Core/Src/freertos.o
                0x080002dc                StartMediumTask
 .text.StartHighTask
                0x08000304       0x5c ./Core/Src/freertos.o
                0x08000304                StartHighTask
 .text.MX_GPIO_Init
                0x08000360       0x44 ./Core/Src/gpio.o
                0x08000360                MX_GPIO_Init
 .text.main     0x080003a4       0x20 ./Core/Src/main.o
                0x080003a4                main
 .text.SystemClock_Config
                0x080003c4       0x8a ./Core/Src/main.o
                0x080003c4                SystemClock_Config
 .text.Error_Handler
                0x0800044e        0xc ./Core/Src/main.o
                0x0800044e                Error_Handler
 *fill*         0x0800045a        0x2 
 .text.HAL_MspInit
                0x0800045c       0x70 ./Core/Src/stm32f1xx_hal_msp.o
                0x0800045c                HAL_MspInit
 .text.NMI_Handler
                0x080004cc        0x8 ./Core/Src/stm32f1xx_it.o
                0x080004cc                NMI_Handler
 .text.HardFault_Handler
                0x080004d4        0x8 ./Core/Src/stm32f1xx_it.o
                0x080004d4                HardFault_Handler
 .text.MemManage_Handler
                0x080004dc        0x8 ./Core/Src/stm32f1xx_it.o
                0x080004dc                MemManage_Handler
 .text.BusFault_Handler
                0x080004e4        0x8 ./Core/Src/stm32f1xx_it.o
                0x080004e4                BusFault_Handler
 .text.UsageFault_Handler
                0x080004ec        0x8 ./Core/Src/stm32f1xx_it.o
                0x080004ec                UsageFault_Handler
 .text.DebugMon_Handler
                0x080004f4        0xc ./Core/Src/stm32f1xx_it.o
                0x080004f4                DebugMon_Handler
 .text.SysTick_Handler
                0x08000500       0x1a ./Core/Src/stm32f1xx_it.o
                0x08000500                SysTick_Handler
 .text.SystemInit
                0x0800051a        0xc ./Core/Src/system_stm32f1xx.o
                0x0800051a                SystemInit
 *fill*         0x08000526        0x2 
 .text.MX_USART1_UART_Init
                0x08000528       0x54 ./Core/Src/usart.o
                0x08000528                MX_USART1_UART_Init
 .text.HAL_UART_MspInit
                0x0800057c       0x98 ./Core/Src/usart.o
                0x0800057c                HAL_UART_MspInit
 .text.Reset_Handler
                0x08000614       0x48 ./Core/Startup/startup_stm32f103c8tx.o
                0x08000614                Reset_Handler
 .text.Default_Handler
                0x0800065c        0x2 ./Core/Startup/startup_stm32f103c8tx.o
                0x0800065c                RTC_Alarm_IRQHandler
                0x0800065c                EXTI2_IRQHandler
                0x0800065c                TIM1_CC_IRQHandler
                0x0800065c                PVD_IRQHandler
                0x0800065c                EXTI3_IRQHandler
                0x0800065c                EXTI0_IRQHandler
                0x0800065c                I2C2_EV_IRQHandler
                0x0800065c                ADC1_2_IRQHandler
                0x0800065c                SPI1_IRQHandler
                0x0800065c                TAMPER_IRQHandler
                0x0800065c                DMA1_Channel4_IRQHandler
                0x0800065c                USART3_IRQHandler
                0x0800065c                RTC_IRQHandler
                0x0800065c                DMA1_Channel7_IRQHandler
                0x0800065c                CAN1_RX1_IRQHandler
                0x0800065c                TIM4_IRQHandler
                0x0800065c                I2C1_EV_IRQHandler
                0x0800065c                DMA1_Channel6_IRQHandler
                0x0800065c                TIM3_IRQHandler
                0x0800065c                RCC_IRQHandler
                0x0800065c                TIM1_TRG_COM_IRQHandler
                0x0800065c                DMA1_Channel1_IRQHandler
                0x0800065c                Default_Handler
                0x0800065c                EXTI15_10_IRQHandler
                0x0800065c                EXTI9_5_IRQHandler
                0x0800065c                SPI2_IRQHandler
                0x0800065c                DMA1_Channel5_IRQHandler
                0x0800065c                EXTI4_IRQHandler
                0x0800065c                USB_LP_CAN1_RX0_IRQHandler
                0x0800065c                USB_HP_CAN1_TX_IRQHandler
                0x0800065c                DMA1_Channel3_IRQHandler
                0x0800065c                TIM1_UP_IRQHandler
                0x0800065c                WWDG_IRQHandler
                0x0800065c                TIM2_IRQHandler
                0x0800065c                TIM1_BRK_IRQHandler
                0x0800065c                EXTI1_IRQHandler
                0x0800065c                USART2_IRQHandler
                0x0800065c                I2C2_ER_IRQHandler
                0x0800065c                DMA1_Channel2_IRQHandler
                0x0800065c                CAN1_SCE_IRQHandler
                0x0800065c                FLASH_IRQHandler
                0x0800065c                USART1_IRQHandler
                0x0800065c                I2C1_ER_IRQHandler
                0x0800065c                USBWakeUp_IRQHandler
 *fill*         0x0800065e        0x2 
 .text.HAL_Init
                0x08000660       0x2c ./Drivers/STM32F1xx_HAL_Driver/Src/stm32f1xx_hal.o
                0x08000660                HAL_Init
 .text.HAL_InitTick
                0x0800068c       0x60 ./Drivers/STM32F1xx_HAL_Driver/Src/stm32f1xx_hal.o
                0x0800068c                HAL_InitTick
 .text.HAL_IncTick
                0x080006ec       0x24 ./Drivers/STM32F1xx_HAL_Driver/Src/stm32f1xx_hal.o
                0x080006ec                HAL_IncTick
 .text.HAL_GetTick
                0x08000710       0x14 ./Drivers/STM32F1xx_HAL_Driver/Src/stm32f1xx_hal.o
                0x08000710                HAL_GetTick
 .text.__NVIC_SetPriorityGrouping
                0x08000724       0x48 ./Drivers/STM32F1xx_HAL_Driver/Src/stm32f1xx_hal_cortex.o
 .text.__NVIC_GetPriorityGrouping
                0x0800076c       0x1c ./Drivers/STM32F1xx_HAL_Driver/Src/stm32f1xx_hal_cortex.o
 .text.__NVIC_SetPriority
                0x08000788       0x54 ./Drivers/STM32F1xx_HAL_Driver/Src/stm32f1xx_hal_cortex.o
 .text.NVIC_EncodePriority
                0x080007dc       0x64 ./Drivers/STM32F1xx_HAL_Driver/Src/stm32f1xx_hal_cortex.o
 .text.SysTick_Config
                0x08000840       0x44 ./Drivers/STM32F1xx_HAL_Driver/Src/stm32f1xx_hal_cortex.o
 .text.HAL_NVIC_SetPriorityGrouping
                0x08000884       0x16 ./Drivers/STM32F1xx_HAL_Driver/Src/stm32f1xx_hal_cortex.o
                0x08000884                HAL_NVIC_SetPriorityGrouping
 .text.HAL_NVIC_SetPriority
                0x0800089a       0x38 ./Drivers/STM32F1xx_HAL_Driver/Src/stm32f1xx_hal_cortex.o
                0x0800089a                HAL_NVIC_SetPriority
 .text.HAL_SYSTICK_Config
                0x080008d2       0x18 ./Drivers/STM32F1xx_HAL_Driver/Src/stm32f1xx_hal_cortex.o
                0x080008d2                HAL_SYSTICK_Config
 *fill*         0x080008ea        0x2 
 .text.HAL_GPIO_Init
                0x080008ec      0x308 ./Drivers/STM32F1xx_HAL_Driver/Src/stm32f1xx_hal_gpio.o
                0x080008ec                HAL_GPIO_Init
 .text.HAL_RCC_OscConfig
                0x08000bf4      0x504 ./Drivers/STM32F1xx_HAL_Driver/Src/stm32f1xx_hal_rcc.o
                0x08000bf4                HAL_RCC_OscConfig
 .text.HAL_RCC_ClockConfig
                0x080010f8      0x1d4 ./Drivers/STM32F1xx_HAL_Driver/Src/stm32f1xx_hal_rcc.o
                0x080010f8                HAL_RCC_ClockConfig
 .text.HAL_RCC_GetSysClockFreq
                0x080012cc       0xa8 ./Drivers/STM32F1xx_HAL_Driver/Src/stm32f1xx_hal_rcc.o
                0x080012cc                HAL_RCC_GetSysClockFreq
 .text.HAL_RCC_GetHCLKFreq
                0x08001374       0x14 ./Drivers/STM32F1xx_HAL_Driver/Src/stm32f1xx_hal_rcc.o
                0x08001374                HAL_RCC_GetHCLKFreq
 .text.HAL_RCC_GetPCLK1Freq
                0x08001388       0x28 ./Drivers/STM32F1xx_HAL_Driver/Src/stm32f1xx_hal_rcc.o
                0x08001388                HAL_RCC_GetPCLK1Freq
 .text.HAL_RCC_GetPCLK2Freq
                0x080013b0       0x28 ./Drivers/STM32F1xx_HAL_Driver/Src/stm32f1xx_hal_rcc.o
                0x080013b0                HAL_RCC_GetPCLK2Freq
 .text.RCC_Delay
                0x080013d8       0x3c ./Drivers/STM32F1xx_HAL_Driver/Src/stm32f1xx_hal_rcc.o
 .text.HAL_UART_Init
                0x08001414       0xa0 ./Drivers/STM32F1xx_HAL_Driver/Src/stm32f1xx_hal_uart.o
                0x08001414                HAL_UART_Init
 .text.HAL_UART_Transmit
                0x080014b4      0x116 ./Drivers/STM32F1xx_HAL_Driver/Src/stm32f1xx_hal_uart.o
                0x080014b4                HAL_UART_Transmit
 .text.UART_WaitOnFlagUntilTimeout
                0x080015ca       0xb2 ./Drivers/STM32F1xx_HAL_Driver/Src/stm32f1xx_hal_uart.o
 .text.UART_EndRxTransfer
                0x0800167c       0xc4 ./Drivers/STM32F1xx_HAL_Driver/Src/stm32f1xx_hal_uart.o
 .text.UART_SetConfig
                0x08001740      0x11c ./Drivers/STM32F1xx_HAL_Driver/Src/stm32f1xx_hal_uart.o
 .text.makeFreeRtosPriority
                0x0800185c       0x2e ./Middlewares/Third_Party/FreeRTOS/Source/CMSIS_RTOS/cmsis_os.o
 .text.inHandlerMode
                0x0800188a       0x22 ./Middlewares/Third_Party/FreeRTOS/Source/CMSIS_RTOS/cmsis_os.o
 .text.osKernelStart
                0x080018ac        0xe ./Middlewares/Third_Party/FreeRTOS/Source/CMSIS_RTOS/cmsis_os.o
                0x080018ac                osKernelStart
 .text.osThreadCreate
                0x080018ba       0x98 ./Middlewares/Third_Party/FreeRTOS/Source/CMSIS_RTOS/cmsis_os.o
                0x080018ba                osThreadCreate
 .text.osDelay  0x08001952       0x28 ./Middlewares/Third_Party/FreeRTOS/Source/CMSIS_RTOS/cmsis_os.o
                0x08001952                osDelay
 .text.osMutexCreate
                0x0800197a       0x30 ./Middlewares/Third_Party/FreeRTOS/Source/CMSIS_RTOS/cmsis_os.o
                0x0800197a                osMutexCreate
 *fill*         0x080019aa        0x2 
 .text.osMutexWait
                0x080019ac       0x9c ./Middlewares/Third_Party/FreeRTOS/Source/CMSIS_RTOS/cmsis_os.o
                0x080019ac                osMutexWait
 .text.osMutexRelease
                0x08001a48       0x6c ./Middlewares/Third_Party/FreeRTOS/Source/CMSIS_RTOS/cmsis_os.o
                0x08001a48                osMutexRelease
 .text.vListInitialise
                0x08001ab4       0x3e ./Middlewares/Third_Party/FreeRTOS/Source/list.o
                0x08001ab4                vListInitialise
 .text.vListInitialiseItem
                0x08001af2       0x18 ./Middlewares/Third_Party/FreeRTOS/Source/list.o
                0x08001af2                vListInitialiseItem
 .text.vListInsertEnd
                0x08001b0a       0x46 ./Middlewares/Third_Party/FreeRTOS/Source/list.o
                0x08001b0a                vListInsertEnd
 .text.vListInsert
                0x08001b50       0x70 ./Middlewares/Third_Party/FreeRTOS/Source/list.o
                0x08001b50                vListInsert
 .text.uxListRemove
                0x08001bc0       0x52 ./Middlewares/Third_Party/FreeRTOS/Source/list.o
                0x08001bc0                uxListRemove
 *fill*         0x08001c12        0x2 
 .text.xQueueGenericReset
                0x08001c14       0xd4 ./Middlewares/Third_Party/FreeRTOS/Source/queue.o
                0x08001c14                xQueueGenericReset
 .text.xQueueGenericCreateStatic
                0x08001ce8       0xfa ./Middlewares/Third_Party/FreeRTOS/Source/queue.o
                0x08001ce8                xQueueGenericCreateStatic
 .text.xQueueGenericCreate
                0x08001de2       0x76 ./Middlewares/Third_Party/FreeRTOS/Source/queue.o
                0x08001de2                xQueueGenericCreate
 .text.prvInitialiseNewQueue
                0x08001e58       0x3e ./Middlewares/Third_Party/FreeRTOS/Source/queue.o
 .text.prvInitialiseMutex
                0x08001e96       0x34 ./Middlewares/Third_Party/FreeRTOS/Source/queue.o
 .text.xQueueCreateMutex
                0x08001eca       0x30 ./Middlewares/Third_Party/FreeRTOS/Source/queue.o
                0x08001eca                xQueueCreateMutex
 .text.xQueueCreateMutexStatic
                0x08001efa       0x36 ./Middlewares/Third_Party/FreeRTOS/Source/queue.o
                0x08001efa                xQueueCreateMutexStatic
 .text.xQueueGenericSend
                0x08001f30      0x204 ./Middlewares/Third_Party/FreeRTOS/Source/queue.o
                0x08001f30                xQueueGenericSend
 .text.xQueueGiveFromISR
                0x08002134      0x120 ./Middlewares/Third_Party/FreeRTOS/Source/queue.o
                0x08002134                xQueueGiveFromISR
 .text.xQueueSemaphoreTake
                0x08002254      0x220 ./Middlewares/Third_Party/FreeRTOS/Source/queue.o
                0x08002254                xQueueSemaphoreTake
 .text.xQueueReceiveFromISR
                0x08002474      0x104 ./Middlewares/Third_Party/FreeRTOS/Source/queue.o
                0x08002474                xQueueReceiveFromISR
 .text.prvGetDisinheritPriorityAfterTimeout
                0x08002578       0x2e ./Middlewares/Third_Party/FreeRTOS/Source/queue.o
 .text.prvCopyDataToQueue
                0x080025a6       0xd4 ./Middlewares/Third_Party/FreeRTOS/Source/queue.o
 .text.prvCopyDataFromQueue
                0x0800267a       0x4c ./Middlewares/Third_Party/FreeRTOS/Source/queue.o
 .text.prvUnlockQueue
                0x080026c6       0xa4 ./Middlewares/Third_Party/FreeRTOS/Source/queue.o
 .text.prvIsQueueEmpty
                0x0800276a       0x2c ./Middlewares/Third_Party/FreeRTOS/Source/queue.o
 .text.prvIsQueueFull
                0x08002796       0x30 ./Middlewares/Third_Party/FreeRTOS/Source/queue.o
 .text.xTaskCreateStatic
                0x080027c6       0xc0 ./Middlewares/Third_Party/FreeRTOS/Source/tasks.o
                0x080027c6                xTaskCreateStatic
 .text.xTaskCreate
                0x08002886       0x8a ./Middlewares/Third_Party/FreeRTOS/Source/tasks.o
                0x08002886                xTaskCreate
 .text.prvInitialiseNewTask
                0x08002910      0x110 ./Middlewares/Third_Party/FreeRTOS/Source/tasks.o
 .text.prvAddNewTaskToReadyList
                0x08002a20       0xd4 ./Middlewares/Third_Party/FreeRTOS/Source/tasks.o
 .text.vTaskDelay
                0x08002af4       0x6c ./Middlewares/Third_Party/FreeRTOS/Source/tasks.o
                0x08002af4                vTaskDelay
 .text.vTaskStartScheduler
                0x08002b60       0xc4 ./Middlewares/Third_Party/FreeRTOS/Source/tasks.o
                0x08002b60                vTaskStartScheduler
 .text.vTaskSuspendAll
                0x08002c24       0x1c ./Middlewares/Third_Party/FreeRTOS/Source/tasks.o
                0x08002c24                vTaskSuspendAll
 .text.xTaskResumeAll
                0x08002c40      0x13c ./Middlewares/Third_Party/FreeRTOS/Source/tasks.o
                0x08002c40                xTaskResumeAll
 .text.xTaskIncrementTick
                0x08002d7c      0x174 ./Middlewares/Third_Party/FreeRTOS/Source/tasks.o
                0x08002d7c                xTaskIncrementTick
 .text.vTaskSwitchContext
                0x08002ef0       0xb8 ./Middlewares/Third_Party/FreeRTOS/Source/tasks.o
                0x08002ef0                vTaskSwitchContext
 .text.vTaskPlaceOnEventList
                0x08002fa8       0x4c ./Middlewares/Third_Party/FreeRTOS/Source/tasks.o
                0x08002fa8                vTaskPlaceOnEventList
 .text.xTaskRemoveFromEventList
                0x08002ff4       0xc8 ./Middlewares/Third_Party/FreeRTOS/Source/tasks.o
                0x08002ff4                xTaskRemoveFromEventList
 .text.vTaskInternalSetTimeOutState
                0x080030bc       0x2c ./Middlewares/Third_Party/FreeRTOS/Source/tasks.o
                0x080030bc                vTaskInternalSetTimeOutState
 .text.xTaskCheckForTimeOut
                0x080030e8       0xc8 ./Middlewares/Third_Party/FreeRTOS/Source/tasks.o
                0x080030e8                xTaskCheckForTimeOut
 .text.vTaskMissedYield
                0x080031b0       0x18 ./Middlewares/Third_Party/FreeRTOS/Source/tasks.o
                0x080031b0                vTaskMissedYield
 .text.prvIdleTask
                0x080031c8       0x30 ./Middlewares/Third_Party/FreeRTOS/Source/tasks.o
 .text.prvInitialiseTaskLists
                0x080031f8       0x80 ./Middlewares/Third_Party/FreeRTOS/Source/tasks.o
 .text.prvCheckTasksWaitingTermination
                0x08003278       0x5c ./Middlewares/Third_Party/FreeRTOS/Source/tasks.o
 .text.prvDeleteTCB
                0x080032d4       0x60 ./Middlewares/Third_Party/FreeRTOS/Source/tasks.o
 .text.prvResetNextTaskUnblockTime
                0x08003334       0x40 ./Middlewares/Third_Party/FreeRTOS/Source/tasks.o
 .text.xTaskGetSchedulerState
                0x08003374       0x3c ./Middlewares/Third_Party/FreeRTOS/Source/tasks.o
                0x08003374                xTaskGetSchedulerState
 .text.xTaskPriorityInherit
                0x080033b0       0xec ./Middlewares/Third_Party/FreeRTOS/Source/tasks.o
                0x080033b0                xTaskPriorityInherit
 .text.xTaskPriorityDisinherit
                0x0800349c      0x110 ./Middlewares/Third_Party/FreeRTOS/Source/tasks.o
                0x0800349c                xTaskPriorityDisinherit
 .text.vTaskPriorityDisinheritAfterTimeout
                0x080035ac      0x120 ./Middlewares/Third_Party/FreeRTOS/Source/tasks.o
                0x080035ac                vTaskPriorityDisinheritAfterTimeout
 .text.pvTaskIncrementMutexHeldCount
                0x080036cc       0x28 ./Middlewares/Third_Party/FreeRTOS/Source/tasks.o
                0x080036cc                pvTaskIncrementMutexHeldCount
 .text.prvAddCurrentTaskToDelayedList
                0x080036f4       0xcc ./Middlewares/Third_Party/FreeRTOS/Source/tasks.o
 .text.pxPortInitialiseStack
                0x080037c0       0x58 ./Middlewares/Third_Party/FreeRTOS/Source/portable/GCC/ARM_CM3/port.o
                0x080037c0                pxPortInitialiseStack
 .text.prvTaskExitError
                0x08003818       0x58 ./Middlewares/Third_Party/FreeRTOS/Source/portable/GCC/ARM_CM3/port.o
 .text.SVC_Handler
                0x08003870       0x28 ./Middlewares/Third_Party/FreeRTOS/Source/portable/GCC/ARM_CM3/port.o
                0x08003870                SVC_Handler
 .text.prvPortStartFirstTask
                0x08003898       0x20 ./Middlewares/Third_Party/FreeRTOS/Source/portable/GCC/ARM_CM3/port.o
 .text.xPortStartScheduler
                0x080038b8       0xe4 ./Middlewares/Third_Party/FreeRTOS/Source/portable/GCC/ARM_CM3/port.o
                0x080038b8                xPortStartScheduler
 .text.vPortEnterCritical
                0x0800399c       0x60 ./Middlewares/Third_Party/FreeRTOS/Source/portable/GCC/ARM_CM3/port.o
                0x0800399c                vPortEnterCritical
 .text.vPortExitCritical
                0x080039fc       0x54 ./Middlewares/Third_Party/FreeRTOS/Source/portable/GCC/ARM_CM3/port.o
                0x080039fc                vPortExitCritical
 .text.PendSV_Handler
                0x08003a50       0x48 ./Middlewares/Third_Party/FreeRTOS/Source/portable/GCC/ARM_CM3/port.o
                0x08003a50                PendSV_Handler
 .text.xPortSysTickHandler
                0x08003a98       0x44 ./Middlewares/Third_Party/FreeRTOS/Source/portable/GCC/ARM_CM3/port.o
                0x08003a98                xPortSysTickHandler
 .text.vPortSetupTimerInterrupt
                0x08003adc       0x44 ./Middlewares/Third_Party/FreeRTOS/Source/portable/GCC/ARM_CM3/port.o
                0x08003adc                vPortSetupTimerInterrupt
 .text.vPortValidateInterruptPriority
                0x08003b20       0x80 ./Middlewares/Third_Party/FreeRTOS/Source/portable/GCC/ARM_CM3/port.o
                0x08003b20                vPortValidateInterruptPriority
 .text.pvPortMalloc
                0x08003ba0      0x19c ./Middlewares/Third_Party/FreeRTOS/Source/portable/MemMang/heap_4.o
                0x08003ba0                pvPortMalloc
 .text.vPortFree
                0x08003d3c       0xc8 ./Middlewares/Third_Party/FreeRTOS/Source/portable/MemMang/heap_4.o
                0x08003d3c                vPortFree
 .text.prvHeapInit
                0x08003e04       0xc4 ./Middlewares/Third_Party/FreeRTOS/Source/portable/MemMang/heap_4.o
 .text.prvInsertBlockIntoFreeList
                0x08003ec8       0xb0 ./Middlewares/Third_Party/FreeRTOS/Source/portable/MemMang/heap_4.o
 .text.memset   0x08003f78       0x10 C:/ST/STM32CubeIDE_1.19.0/STM32CubeIDE/plugins/com.st.stm32cube.ide.mcu.externaltools.gnu-tools-for-stm32.13.3.rel1.win32_1.0.0.202411081344/tools/bin/../lib/gcc/arm-none-eabi/13.3.1/../../../../arm-none-eabi/lib/thumb/v7-m/nofp\libc_nano.a(libc_a-memset.o)
                0x08003f78                memset
 .text.__libc_init_array
                0x08003f88       0x48 C:/ST/STM32CubeIDE_1.19.0/STM32CubeIDE/plugins/com.st.stm32cube.ide.mcu.externaltools.gnu-tools-for-stm32.13.3.rel1.win32_1.0.0.202411081344/tools/bin/../lib/gcc/arm-none-eabi/13.3.1/../../../../arm-none-eabi/lib/thumb/v7-m/nofp\libc_nano.a(libc_a-init.o)
                0x08003f88                __libc_init_array
 .text.memcpy   0x08003fd0       0x1c C:/ST/STM32CubeIDE_1.19.0/STM32CubeIDE/plugins/com.st.stm32cube.ide.mcu.externaltools.gnu-tools-for-stm32.13.3.rel1.win32_1.0.0.202411081344/tools/bin/../lib/gcc/arm-none-eabi/13.3.1/../../../../arm-none-eabi/lib/thumb/v7-m/nofp\libc_nano.a(libc_a-memcpy-stub.o)
                0x08003fd0                memcpy
 *(.glue_7)
 .glue_7        0x08003fec        0x0 linker stubs
 *(.glue_7t)
 .glue_7t       0x08003fec        0x0 linker stubs
 *(.eh_frame)
 .eh_frame      0x08003fec        0x0 C:/ST/STM32CubeIDE_1.19.0/STM32CubeIDE/plugins/com.st.stm32cube.ide.mcu.externaltools.gnu-tools-for-stm32.13.3.rel1.win32_1.0.0.202411081344/tools/bin/../lib/gcc/arm-none-eabi/13.3.1/thumb/v7-m/nofp/crtbegin.o
 *(.init)
 .init          0x08003fec        0x4 C:/ST/STM32CubeIDE_1.19.0/STM32CubeIDE/plugins/com.st.stm32cube.ide.mcu.externaltools.gnu-tools-for-stm32.13.3.rel1.win32_1.0.0.202411081344/tools/bin/../lib/gcc/arm-none-eabi/13.3.1/thumb/v7-m/nofp/crti.o
                0x08003fec                _init
 .init          0x08003ff0        0x8 C:/ST/STM32CubeIDE_1.19.0/STM32CubeIDE/plugins/com.st.stm32cube.ide.mcu.externaltools.gnu-tools-for-stm32.13.3.rel1.win32_1.0.0.202411081344/tools/bin/../lib/gcc/arm-none-eabi/13.3.1/thumb/v7-m/nofp/crtn.o
 *(.fini)
 .fini          0x08003ff8        0x4 C:/ST/STM32CubeIDE_1.19.0/STM32CubeIDE/plugins/com.st.stm32cube.ide.mcu.externaltools.gnu-tools-for-stm32.13.3.rel1.win32_1.0.0.202411081344/tools/bin/../lib/gcc/arm-none-eabi/13.3.1/thumb/v7-m/nofp/crti.o
                0x08003ff8                _fini
 .fini          0x08003ffc        0x8 C:/ST/STM32CubeIDE_1.19.0/STM32CubeIDE/plugins/com.st.stm32cube.ide.mcu.externaltools.gnu-tools-for-stm32.13.3.rel1.win32_1.0.0.202411081344/tools/bin/../lib/gcc/arm-none-eabi/13.3.1/thumb/v7-m/nofp/crtn.o
                0x08004004                        . = ALIGN (0x4)
                0x08004004                        _etext = .

.vfp11_veneer   0x08004004        0x0
 .vfp11_veneer  0x08004004        0x0 linker stubs

.v4_bx          0x08004004        0x0
 .v4_bx         0x08004004        0x0 linker stubs

.iplt           0x08004004        0x0
 .iplt          0x08004004        0x0 C:/ST/STM32CubeIDE_1.19.0/STM32CubeIDE/plugins/com.st.stm32cube.ide.mcu.externaltools.gnu-tools-for-stm32.13.3.rel1.win32_1.0.0.202411081344/tools/bin/../lib/gcc/arm-none-eabi/13.3.1/thumb/v7-m/nofp/crtbegin.o

.rodata         0x08004004      0x100
                0x08004004                        . = ALIGN (0x4)
 *(.rodata)
 .rodata        0x08004004       0xca ./Core/Src/freertos.o
 *fill*         0x080040ce        0x2 
 .rodata        0x080040d0        0x5 ./Middlewares/Third_Party/FreeRTOS/Source/tasks.o
 *(.rodata*)
 *fill*         0x080040d5        0x3 
 .rodata.AHBPrescTable
                0x080040d8       0x10 ./Core/Src/system_stm32f1xx.o
                0x080040d8                AHBPrescTable
 .rodata.APBPrescTable
                0x080040e8        0x8 ./Core/Src/system_stm32f1xx.o
                0x080040e8                APBPrescTable
 .rodata.aPLLMULFactorTable.1
                0x080040f0       0x10 ./Drivers/STM32F1xx_HAL_Driver/Src/stm32f1xx_hal_rcc.o
 .rodata.aPredivFactorTable.0
                0x08004100        0x2 ./Drivers/STM32F1xx_HAL_Driver/Src/stm32f1xx_hal_rcc.o
                0x08004104                        . = ALIGN (0x4)
 *fill*         0x08004102        0x2 

.ARM.extab      0x08004104        0x0
                0x08004104                        . = ALIGN (0x4)
 *(.ARM.extab* .gnu.linkonce.armextab.*)
                0x08004104                        . = ALIGN (0x4)

.ARM            0x08004104        0x0
                0x08004104                        . = ALIGN (0x4)
                0x08004104                        __exidx_start = .
 *(.ARM.exidx*)
                0x08004104                        __exidx_end = .
                0x08004104                        . = ALIGN (0x4)

.preinit_array  0x08004104        0x0
                0x08004104                        . = ALIGN (0x4)
                0x08004104                        PROVIDE (__preinit_array_start = .)
 *(.preinit_array*)
                0x08004104                        PROVIDE (__preinit_array_end = .)
                0x08004104                        . = ALIGN (0x4)

.init_array     0x08004104        0x4
                0x08004104                        . = ALIGN (0x4)
                0x08004104                        PROVIDE (__init_array_start = .)
 *(SORT_BY_NAME(.init_array.*))
 *(.init_array*)
 .init_array    0x08004104        0x4 C:/ST/STM32CubeIDE_1.19.0/STM32CubeIDE/plugins/com.st.stm32cube.ide.mcu.externaltools.gnu-tools-for-stm32.13.3.rel1.win32_1.0.0.202411081344/tools/bin/../lib/gcc/arm-none-eabi/13.3.1/thumb/v7-m/nofp/crtbegin.o
                0x08004108                        PROVIDE (__init_array_end = .)
                0x08004108                        . = ALIGN (0x4)

.fini_array     0x08004108        0x4
                0x08004108                        . = ALIGN (0x4)
                [!provide]                        PROVIDE (__fini_array_start = .)
 *(SORT_BY_NAME(.fini_array.*))
 *(.fini_array*)
 .fini_array    0x08004108        0x4 C:/ST/STM32CubeIDE_1.19.0/STM32CubeIDE/plugins/com.st.stm32cube.ide.mcu.externaltools.gnu-tools-for-stm32.13.3.rel1.win32_1.0.0.202411081344/tools/bin/../lib/gcc/arm-none-eabi/13.3.1/thumb/v7-m/nofp/crtbegin.o
                [!provide]                        PROVIDE (__fini_array_end = .)
                0x0800410c                        . = ALIGN (0x4)
                0x0800410c                        _sidata = LOADADDR (.data)

.rel.dyn        0x0800410c        0x0
 .rel.iplt      0x0800410c        0x0 C:/ST/STM32CubeIDE_1.19.0/STM32CubeIDE/plugins/com.st.stm32cube.ide.mcu.externaltools.gnu-tools-for-stm32.13.3.rel1.win32_1.0.0.202411081344/tools/bin/../lib/gcc/arm-none-eabi/13.3.1/thumb/v7-m/nofp/crtbegin.o

.data           0x20000000       0x10 load address 0x0800410c
                0x20000000                        . = ALIGN (0x4)
                0x20000000                        _sdata = .
 *(.data)
 *(.data*)
 .data.SystemCoreClock
                0x20000000        0x4 ./Core/Src/system_stm32f1xx.o
                0x20000000                SystemCoreClock
 .data.uwTickPrio
                0x20000004        0x4 ./Drivers/STM32F1xx_HAL_Driver/Src/stm32f1xx_hal.o
                0x20000004                uwTickPrio
 .data.uwTickFreq
                0x20000008        0x1 ./Drivers/STM32F1xx_HAL_Driver/Src/stm32f1xx_hal.o
                0x20000008                uwTickFreq
 *fill*         0x20000009        0x3 
 .data.uxCriticalNesting
                0x2000000c        0x4 ./Middlewares/Third_Party/FreeRTOS/Source/portable/GCC/ARM_CM3/port.o
 *(.RamFunc)
 *(.RamFunc*)
                0x20000010                        . = ALIGN (0x4)
                0x20000010                        _edata = .

.igot.plt       0x20000010        0x0 load address 0x0800411c
 .igot.plt      0x20000010        0x0 C:/ST/STM32CubeIDE_1.19.0/STM32CubeIDE/plugins/com.st.stm32cube.ide.mcu.externaltools.gnu-tools-for-stm32.13.3.rel1.win32_1.0.0.202411081344/tools/bin/../lib/gcc/arm-none-eabi/13.3.1/thumb/v7-m/nofp/crtbegin.o
                0x20000010                        . = ALIGN (0x4)

.bss            0x20000010     0x1024 load address 0x0800411c
                0x20000010                        _sbss = .
                0x20000010                        __bss_start__ = _sbss
 *(.bss)
 .bss           0x20000010       0x1c C:/ST/STM32CubeIDE_1.19.0/STM32CubeIDE/plugins/com.st.stm32cube.ide.mcu.externaltools.gnu-tools-for-stm32.13.3.rel1.win32_1.0.0.202411081344/tools/bin/../lib/gcc/arm-none-eabi/13.3.1/thumb/v7-m/nofp/crtbegin.o
 *(.bss*)
 .bss.defaultTaskHandle
                0x2000002c        0x4 ./Core/Src/freertos.o
                0x2000002c                defaultTaskHandle
 .bss.LowTaskHandle
                0x20000030        0x4 ./Core/Src/freertos.o
                0x20000030                LowTaskHandle
 .bss.MediumTaskHandle
                0x20000034        0x4 ./Core/Src/freertos.o
                0x20000034                MediumTaskHandle
 .bss.HighTaskHandle
                0x20000038        0x4 ./Core/Src/freertos.o
                0x20000038                HighTaskHandle
 .bss.uartMutexHandle
                0x2000003c        0x4 ./Core/Src/freertos.o
                0x2000003c                uartMutexHandle
 .bss.xIdleTaskTCBBuffer
                0x20000040       0x54 ./Core/Src/freertos.o
 .bss.xIdleStack
                0x20000094      0x200 ./Core/Src/freertos.o
 .bss.huart1    0x20000294       0x48 ./Core/Src/usart.o
                0x20000294                huart1
 .bss.uwTick    0x200002dc        0x4 ./Drivers/STM32F1xx_HAL_Driver/Src/stm32f1xx_hal.o
                0x200002dc                uwTick
 .bss.pxCurrentTCB
                0x200002e0        0x4 ./Middlewares/Third_Party/FreeRTOS/Source/tasks.o
                0x200002e0                pxCurrentTCB
 .bss.pxReadyTasksLists
                0x200002e4       0x8c ./Middlewares/Third_Party/FreeRTOS/Source/tasks.o
 .bss.xDelayedTaskList1
                0x20000370       0x14 ./Middlewares/Third_Party/FreeRTOS/Source/tasks.o
 .bss.xDelayedTaskList2
                0x20000384       0x14 ./Middlewares/Third_Party/FreeRTOS/Source/tasks.o
 .bss.pxDelayedTaskList
                0x20000398        0x4 ./Middlewares/Third_Party/FreeRTOS/Source/tasks.o
 .bss.pxOverflowDelayedTaskList
                0x2000039c        0x4 ./Middlewares/Third_Party/FreeRTOS/Source/tasks.o
 .bss.xPendingReadyList
                0x200003a0       0x14 ./Middlewares/Third_Party/FreeRTOS/Source/tasks.o
 .bss.xTasksWaitingTermination
                0x200003b4       0x14 ./Middlewares/Third_Party/FreeRTOS/Source/tasks.o
 .bss.uxDeletedTasksWaitingCleanUp
                0x200003c8        0x4 ./Middlewares/Third_Party/FreeRTOS/Source/tasks.o
 .bss.xSuspendedTaskList
                0x200003cc       0x14 ./Middlewares/Third_Party/FreeRTOS/Source/tasks.o
 .bss.uxCurrentNumberOfTasks
                0x200003e0        0x4 ./Middlewares/Third_Party/FreeRTOS/Source/tasks.o
 .bss.xTickCount
                0x200003e4        0x4 ./Middlewares/Third_Party/FreeRTOS/Source/tasks.o
 .bss.uxTopReadyPriority
                0x200003e8        0x4 ./Middlewares/Third_Party/FreeRTOS/Source/tasks.o
 .bss.xSchedulerRunning
                0x200003ec        0x4 ./Middlewares/Third_Party/FreeRTOS/Source/tasks.o
 .bss.xPendedTicks
                0x200003f0        0x4 ./Middlewares/Third_Party/FreeRTOS/Source/tasks.o
 .bss.xYieldPending
                0x200003f4        0x4 ./Middlewares/Third_Party/FreeRTOS/Source/tasks.o
 .bss.xNumOfOverflows
                0x200003f8        0x4 ./Middlewares/Third_Party/FreeRTOS/Source/tasks.o
 .bss.uxTaskNumber
                0x200003fc        0x4 ./Middlewares/Third_Party/FreeRTOS/Source/tasks.o
 .bss.xNextTaskUnblockTime
                0x20000400        0x4 ./Middlewares/Third_Party/FreeRTOS/Source/tasks.o
 .bss.xIdleTaskHandle
                0x20000404        0x4 ./Middlewares/Third_Party/FreeRTOS/Source/tasks.o
 .bss.uxSchedulerSuspended
                0x20000408        0x4 ./Middlewares/Third_Party/FreeRTOS/Source/tasks.o
 .bss.ucMaxSysCallPriority
                0x2000040c        0x1 ./Middlewares/Third_Party/FreeRTOS/Source/portable/GCC/ARM_CM3/port.o
 *fill*         0x2000040d        0x3 
 .bss.ulMaxPRIGROUPValue
                0x20000410        0x4 ./Middlewares/Third_Party/FreeRTOS/Source/portable/GCC/ARM_CM3/port.o
 .bss.ucHeap    0x20000414      0xc00 ./Middlewares/Third_Party/FreeRTOS/Source/portable/MemMang/heap_4.o
 .bss.xStart    0x20001014        0x8 ./Middlewares/Third_Party/FreeRTOS/Source/portable/MemMang/heap_4.o
 .bss.pxEnd     0x2000101c        0x4 ./Middlewares/Third_Party/FreeRTOS/Source/portable/MemMang/heap_4.o
 .bss.xFreeBytesRemaining
                0x20001020        0x4 ./Middlewares/Third_Party/FreeRTOS/Source/portable/MemMang/heap_4.o
 .bss.xMinimumEverFreeBytesRemaining
                0x20001024        0x4 ./Middlewares/Third_Party/FreeRTOS/Source/portable/MemMang/heap_4.o
 .bss.xNumberOfSuccessfulAllocations
                0x20001028        0x4 ./Middlewares/Third_Party/FreeRTOS/Source/portable/MemMang/heap_4.o
 .bss.xNumberOfSuccessfulFrees
                0x2000102c        0x4 ./Middlewares/Third_Party/FreeRTOS/Source/portable/MemMang/heap_4.o
 .bss.xBlockAllocatedBit
                0x20001030        0x4 ./Middlewares/Third_Party/FreeRTOS/Source/portable/MemMang/heap_4.o
 *(COMMON)
                0x20001034                        . = ALIGN (0x4)
                0x20001034                        _ebss = .
                0x20001034                        __bss_end__ = _ebss

._user_heap_stack
                0x20001034      0x604 load address 0x0800411c
                0x20001038                        . = ALIGN (0x8)
 *fill*         0x20001034        0x4 
                [!provide]                        PROVIDE (end = .)
                0x20001038                        PROVIDE (_end = .)
                0x20001238                        . = (. + _Min_Heap_Size)
 *fill*         0x20001038      0x200 
                0x20001638                        . = (. + _Min_Stack_Size)
 *fill*         0x20001238      0x400 
                0x20001638                        . = ALIGN (0x8)

/DISCARD/
 libc.a(*)
 libm.a(*)
 libgcc.a(*)

.ARM.attributes
                0x00000000       0x29
 *(.ARM.attributes)
 .ARM.attributes
                0x00000000       0x1d C:/ST/STM32CubeIDE_1.19.0/STM32CubeIDE/plugins/com.st.stm32cube.ide.mcu.externaltools.gnu-tools-for-stm32.13.3.rel1.win32_1.0.0.202411081344/tools/bin/../lib/gcc/arm-none-eabi/13.3.1/thumb/v7-m/nofp/crti.o
 .ARM.attributes
                0x0000001d       0x2d C:/ST/STM32CubeIDE_1.19.0/STM32CubeIDE/plugins/com.st.stm32cube.ide.mcu.externaltools.gnu-tools-for-stm32.13.3.rel1.win32_1.0.0.202411081344/tools/bin/../lib/gcc/arm-none-eabi/13.3.1/thumb/v7-m/nofp/crtbegin.o
 .ARM.attributes
                0x0000004a       0x2d ./Core/Src/freertos.o
 .ARM.attributes
                0x00000077       0x2d ./Core/Src/gpio.o
 .ARM.attributes
                0x000000a4       0x2d ./Core/Src/main.o
 .ARM.attributes
                0x000000d1       0x2d ./Core/Src/stm32f1xx_hal_msp.o
 .ARM.attributes
                0x000000fe       0x2d ./Core/Src/stm32f1xx_it.o
 .ARM.attributes
                0x0000012b       0x2d ./Core/Src/system_stm32f1xx.o
 .ARM.attributes
                0x00000158       0x2d ./Core/Src/usart.o
 .ARM.attributes
                0x00000185       0x21 ./Core/Startup/startup_stm32f103c8tx.o
 .ARM.attributes
                0x000001a6       0x2d ./Drivers/STM32F1xx_HAL_Driver/Src/stm32f1xx_hal.o
 .ARM.attributes
                0x000001d3       0x2d ./Drivers/STM32F1xx_HAL_Driver/Src/stm32f1xx_hal_cortex.o
 .ARM.attributes
                0x00000200       0x2d ./Drivers/STM32F1xx_HAL_Driver/Src/stm32f1xx_hal_gpio.o
 .ARM.attributes
                0x0000022d       0x2d ./Drivers/STM32F1xx_HAL_Driver/Src/stm32f1xx_hal_rcc.o
 .ARM.attributes
                0x0000025a       0x2d ./Drivers/STM32F1xx_HAL_Driver/Src/stm32f1xx_hal_uart.o
 .ARM.attributes
                0x00000287       0x2d ./Middlewares/Third_Party/FreeRTOS/Source/CMSIS_RTOS/cmsis_os.o
 .ARM.attributes
                0x000002b4       0x2d ./Middlewares/Third_Party/FreeRTOS/Source/list.o
 .ARM.attributes
                0x000002e1       0x2d ./Middlewares/Third_Party/FreeRTOS/Source/queue.o
 .ARM.attributes
                0x0000030e       0x2d ./Middlewares/Third_Party/FreeRTOS/Source/tasks.o
 .ARM.attributes
                0x0000033b       0x2d ./Middlewares/Third_Party/FreeRTOS/Source/portable/GCC/ARM_CM3/port.o
 .ARM.attributes
                0x00000368       0x2d ./Middlewares/Third_Party/FreeRTOS/Source/portable/MemMang/heap_4.o
 .ARM.attributes
                0x00000395       0x2d C:/ST/STM32CubeIDE_1.19.0/STM32CubeIDE/plugins/com.st.stm32cube.ide.mcu.externaltools.gnu-tools-for-stm32.13.3.rel1.win32_1.0.0.202411081344/tools/bin/../lib/gcc/arm-none-eabi/13.3.1/../../../../arm-none-eabi/lib/thumb/v7-m/nofp\libc_nano.a(libc_a-memset.o)
 .ARM.attributes
                0x000003c2       0x2d C:/ST/STM32CubeIDE_1.19.0/STM32CubeIDE/plugins/com.st.stm32cube.ide.mcu.externaltools.gnu-tools-for-stm32.13.3.rel1.win32_1.0.0.202411081344/tools/bin/../lib/gcc/arm-none-eabi/13.3.1/../../../../arm-none-eabi/lib/thumb/v7-m/nofp\libc_nano.a(libc_a-init.o)
 .ARM.attributes
                0x000003ef       0x2d C:/ST/STM32CubeIDE_1.19.0/STM32CubeIDE/plugins/com.st.stm32cube.ide.mcu.externaltools.gnu-tools-for-stm32.13.3.rel1.win32_1.0.0.202411081344/tools/bin/../lib/gcc/arm-none-eabi/13.3.1/../../../../arm-none-eabi/lib/thumb/v7-m/nofp\libc_nano.a(libc_a-memcpy-stub.o)
 .ARM.attributes
                0x0000041c       0x1d C:/ST/STM32CubeIDE_1.19.0/STM32CubeIDE/plugins/com.st.stm32cube.ide.mcu.externaltools.gnu-tools-for-stm32.13.3.rel1.win32_1.0.0.202411081344/tools/bin/../lib/gcc/arm-none-eabi/13.3.1/thumb/v7-m/nofp/crtn.o
OUTPUT(priority_inversion_demo.elf elf32-littlearm)
LOAD linker stubs
LOAD C:/ST/STM32CubeIDE_1.19.0/STM32CubeIDE/plugins/com.st.stm32cube.ide.mcu.externaltools.gnu-tools-for-stm32.13.3.rel1.win32_1.0.0.202411081344/tools/bin/../lib/gcc/arm-none-eabi/13.3.1/../../../../arm-none-eabi/lib/thumb/v7-m/nofp\libc.a
LOAD C:/ST/STM32CubeIDE_1.19.0/STM32CubeIDE/plugins/com.st.stm32cube.ide.mcu.externaltools.gnu-tools-for-stm32.13.3.rel1.win32_1.0.0.202411081344/tools/bin/../lib/gcc/arm-none-eabi/13.3.1/../../../../arm-none-eabi/lib/thumb/v7-m/nofp\libm.a
LOAD C:/ST/STM32CubeIDE_1.19.0/STM32CubeIDE/plugins/com.st.stm32cube.ide.mcu.externaltools.gnu-tools-for-stm32.13.3.rel1.win32_1.0.0.202411081344/tools/bin/../lib/gcc/arm-none-eabi/13.3.1/thumb/v7-m/nofp\libgcc.a

.debug_info     0x00000000     0xca09
 .debug_info    0x00000000      0xd35 ./Core/Src/freertos.o
 .debug_info    0x00000d35      0x169 ./Core/Src/gpio.o
 .debug_info    0x00000e9e      0x321 ./Core/Src/main.o
 .debug_info    0x000011bf      0x361 ./Core/Src/stm32f1xx_hal_msp.o
 .debug_info    0x00001520      0x11b ./Core/Src/stm32f1xx_it.o
 .debug_info    0x0000163b      0x222 ./Core/Src/system_stm32f1xx.o
 .debug_info    0x0000185d      0x798 ./Core/Src/usart.o
 .debug_info    0x00001ff5       0x30 ./Core/Startup/startup_stm32f103c8tx.o
 .debug_info    0x00002025      0x704 ./Drivers/STM32F1xx_HAL_Driver/Src/stm32f1xx_hal.o
 .debug_info    0x00002729      0xa87 ./Drivers/STM32F1xx_HAL_Driver/Src/stm32f1xx_hal_cortex.o
 .debug_info    0x000031b0      0x5ab ./Drivers/STM32F1xx_HAL_Driver/Src/stm32f1xx_hal_gpio.o
 .debug_info    0x0000375b      0x7d5 ./Drivers/STM32F1xx_HAL_Driver/Src/stm32f1xx_hal_rcc.o
 .debug_info    0x00003f30     0x2eed ./Drivers/STM32F1xx_HAL_Driver/Src/stm32f1xx_hal_uart.o
 .debug_info    0x00006e1d     0x1b60 ./Middlewares/Third_Party/FreeRTOS/Source/CMSIS_RTOS/cmsis_os.o
 .debug_info    0x0000897d      0x2af ./Middlewares/Third_Party/FreeRTOS/Source/list.o
 .debug_info    0x00008c2c     0x17cd ./Middlewares/Third_Party/FreeRTOS/Source/queue.o
 .debug_info    0x0000a3f9     0x1ca7 ./Middlewares/Third_Party/FreeRTOS/Source/tasks.o
 .debug_info    0x0000c0a0      0x494 ./Middlewares/Third_Party/FreeRTOS/Source/portable/GCC/ARM_CM3/port.o
 .debug_info    0x0000c534      0x4d5 ./Middlewares/Third_Party/FreeRTOS/Source/portable/MemMang/heap_4.o

.debug_abbrev   0x00000000     0x25f1
 .debug_abbrev  0x00000000      0x213 ./Core/Src/freertos.o
 .debug_abbrev  0x00000213       0xc6 ./Core/Src/gpio.o
 .debug_abbrev  0x000002d9      0x17c ./Core/Src/main.o
 .debug_abbrev  0x00000455      0x11c ./Core/Src/stm32f1xx_hal_msp.o
 .debug_abbrev  0x00000571       0xaa ./Core/Src/stm32f1xx_it.o
 .debug_abbrev  0x0000061b      0x13f ./Core/Src/system_stm32f1xx.o
 .debug_abbrev  0x0000075a      0x1e6 ./Core/Src/usart.o
 .debug_abbrev  0x00000940       0x24 ./Core/Startup/startup_stm32f103c8tx.o
 .debug_abbrev  0x00000964      0x201 ./Drivers/STM32F1xx_HAL_Driver/Src/stm32f1xx_hal.o
 .debug_abbrev  0x00000b65      0x2f8 ./Drivers/STM32F1xx_HAL_Driver/Src/stm32f1xx_hal_cortex.o
 .debug_abbrev  0x00000e5d      0x1ca ./Drivers/STM32F1xx_HAL_Driver/Src/stm32f1xx_hal_gpio.o
 .debug_abbrev  0x00001027      0x2b3 ./Drivers/STM32F1xx_HAL_Driver/Src/stm32f1xx_hal_rcc.o
 .debug_abbrev  0x000012da      0x2f8 ./Drivers/STM32F1xx_HAL_Driver/Src/stm32f1xx_hal_uart.o
 .debug_abbrev  0x000015d2      0x3a7 ./Middlewares/Third_Party/FreeRTOS/Source/CMSIS_RTOS/cmsis_os.o
 .debug_abbrev  0x00001979       0xf5 ./Middlewares/Third_Party/FreeRTOS/Source/list.o
 .debug_abbrev  0x00001a6e      0x3b5 ./Middlewares/Third_Party/FreeRTOS/Source/queue.o
 .debug_abbrev  0x00001e23      0x359 ./Middlewares/Third_Party/FreeRTOS/Source/tasks.o
 .debug_abbrev  0x0000217c      0x258 ./Middlewares/Third_Party/FreeRTOS/Source/portable/GCC/ARM_CM3/port.o
 .debug_abbrev  0x000023d4      0x21d ./Middlewares/Third_Party/FreeRTOS/Source/portable/MemMang/heap_4.o

.debug_aranges  0x00000000      0xc00
 .debug_aranges
                0x00000000       0x48 ./Core/Src/freertos.o
 .debug_aranges
                0x00000048       0x20 ./Core/Src/gpio.o
 .debug_aranges
                0x00000068       0x30 ./Core/Src/main.o
 .debug_aranges
                0x00000098       0x20 ./Core/Src/stm32f1xx_hal_msp.o
 .debug_aranges
                0x000000b8       0x50 ./Core/Src/stm32f1xx_it.o
 .debug_aranges
                0x00000108       0x28 ./Core/Src/system_stm32f1xx.o
 .debug_aranges
                0x00000130       0x30 ./Core/Src/usart.o
 .debug_aranges
                0x00000160       0x28 ./Core/Startup/startup_stm32f103c8tx.o
 .debug_aranges
                0x00000188       0xe0 ./Drivers/STM32F1xx_HAL_Driver/Src/stm32f1xx_hal.o
 .debug_aranges
                0x00000268      0x100 ./Drivers/STM32F1xx_HAL_Driver/Src/stm32f1xx_hal_cortex.o
 .debug_aranges
                0x00000368       0x58 ./Drivers/STM32F1xx_HAL_Driver/Src/stm32f1xx_hal_gpio.o
 .debug_aranges
                0x000003c0       0x90 ./Drivers/STM32F1xx_HAL_Driver/Src/stm32f1xx_hal_rcc.o
 .debug_aranges
                0x00000450      0x208 ./Drivers/STM32F1xx_HAL_Driver/Src/stm32f1xx_hal_uart.o
 .debug_aranges
                0x00000658      0x1d8 ./Middlewares/Third_Party/FreeRTOS/Source/CMSIS_RTOS/cmsis_os.o
 .debug_aranges
                0x00000830       0x40 ./Middlewares/Third_Party/FreeRTOS/Source/list.o
 .debug_aranges
                0x00000870      0x108 ./Middlewares/Third_Party/FreeRTOS/Source/queue.o
 .debug_aranges
                0x00000978      0x1b8 ./Middlewares/Third_Party/FreeRTOS/Source/tasks.o
 .debug_aranges
                0x00000b30       0x78 ./Middlewares/Third_Party/FreeRTOS/Source/portable/GCC/ARM_CM3/port.o
 .debug_aranges
                0x00000ba8       0x58 ./Middlewares/Third_Party/FreeRTOS/Source/portable/MemMang/heap_4.o

.debug_rnglists
                0x00000000      0x921
 .debug_rnglists
                0x00000000       0x32 ./Core/Src/freertos.o
 .debug_rnglists
                0x00000032       0x13 ./Core/Src/gpio.o
 .debug_rnglists
                0x00000045       0x20 ./Core/Src/main.o
 .debug_rnglists
                0x00000065       0x13 ./Core/Src/stm32f1xx_hal_msp.o
 .debug_rnglists
                0x00000078       0x37 ./Core/Src/stm32f1xx_it.o
 .debug_rnglists
                0x000000af       0x1a ./Core/Src/system_stm32f1xx.o
 .debug_rnglists
                0x000000c9       0x20 ./Core/Src/usart.o
 .debug_rnglists
                0x000000e9       0x19 ./Core/Startup/startup_stm32f103c8tx.o
 .debug_rnglists
                0x00000102       0xa3 ./Drivers/STM32F1xx_HAL_Driver/Src/stm32f1xx_hal.o
 .debug_rnglists
                0x000001a5       0xbb ./Drivers/STM32F1xx_HAL_Driver/Src/stm32f1xx_hal_cortex.o
 .debug_rnglists
                0x00000260       0x3f ./Drivers/STM32F1xx_HAL_Driver/Src/stm32f1xx_hal_gpio.o
 .debug_rnglists
                0x0000029f       0x6c ./Drivers/STM32F1xx_HAL_Driver/Src/stm32f1xx_hal_rcc.o
 .debug_rnglists
                0x0000030b      0x1bc ./Drivers/STM32F1xx_HAL_Driver/Src/stm32f1xx_hal_uart.o
 .debug_rnglists
                0x000004c7      0x16a ./Middlewares/Third_Party/FreeRTOS/Source/CMSIS_RTOS/cmsis_os.o
 .debug_rnglists
                0x00000631       0x2b ./Middlewares/Third_Party/FreeRTOS/Source/list.o
 .debug_rnglists
                0x0000065c       0xcd ./Middlewares/Third_Party/FreeRTOS/Source/queue.o
 .debug_rnglists
                0x00000729      0x15f ./Middlewares/Third_Party/FreeRTOS/Source/tasks.o
 .debug_rnglists
                0x00000888       0x57 ./Middlewares/Third_Party/FreeRTOS/Source/portable/GCC/ARM_CM3/port.o
 .debug_rnglists
                0x000008df       0x42 ./Middlewares/Third_Party/FreeRTOS/Source/portable/MemMang/heap_4.o

.debug_macro    0x00000000    0x188e6
 .debug_macro   0x00000000      0x331 ./Core/Src/freertos.o
 .debug_macro   0x00000331      0xacc ./Core/Src/freertos.o
 .debug_macro   0x00000dfd      0x190 ./Core/Src/freertos.o
 .debug_macro   0x00000f8d       0x22 ./Core/Src/freertos.o
 .debug_macro   0x00000faf       0x8e ./Core/Src/freertos.o
 .debug_macro   0x0000103d       0x51 ./Core/Src/freertos.o
 .debug_macro   0x0000108e      0x103 ./Core/Src/freertos.o
 .debug_macro   0x00001191       0x6a ./Core/Src/freertos.o
 .debug_macro   0x000011fb      0x1df ./Core/Src/freertos.o
 .debug_macro   0x000013da       0xe4 ./Core/Src/freertos.o
 .debug_macro   0x000014be      0x15a ./Core/Src/freertos.o
 .debug_macro   0x00001618       0xde ./Core/Src/freertos.o
 .debug_macro   0x000016f6       0x1c ./Core/Src/freertos.o
 .debug_macro   0x00001712       0x26 ./Core/Src/freertos.o
 .debug_macro   0x00001738      0x504 ./Core/Src/freertos.o
 .debug_macro   0x00001c3c       0xb5 ./Core/Src/freertos.o
 .debug_macro   0x00001cf1       0xaa ./Core/Src/freertos.o
 .debug_macro   0x00001d9b      0x215 ./Core/Src/freertos.o
 .debug_macro   0x00001fb0       0x2e ./Core/Src/freertos.o
 .debug_macro   0x00001fde       0x22 ./Core/Src/freertos.o
 .debug_macro   0x00002000       0x1c ./Core/Src/freertos.o
 .debug_macro   0x0000201c       0x22 ./Core/Src/freertos.o
 .debug_macro   0x0000203e       0xbd ./Core/Src/freertos.o
 .debug_macro   0x000020fb      0xd23 ./Core/Src/freertos.o
 .debug_macro   0x00002e1e     0xe09e ./Core/Src/freertos.o
 .debug_macro   0x00010ebc       0x6d ./Core/Src/freertos.o
 .debug_macro   0x00010f29     0x34a2 ./Core/Src/freertos.o
 .debug_macro   0x000143cb       0x5c ./Core/Src/freertos.o
 .debug_macro   0x00014427      0x5bc ./Core/Src/freertos.o
 .debug_macro   0x000149e3      0x289 ./Core/Src/freertos.o
 .debug_macro   0x00014c6c      0x1cb ./Core/Src/freertos.o
 .debug_macro   0x00014e37      0x114 ./Core/Src/freertos.o
 .debug_macro   0x00014f4b      0x1b2 ./Core/Src/freertos.o
 .debug_macro   0x000150fd       0x27 ./Core/Src/freertos.o
 .debug_macro   0x00015124      0x136 ./Core/Src/freertos.o
 .debug_macro   0x0001525a      0x1bc ./Core/Src/freertos.o
 .debug_macro   0x00015416       0x34 ./Core/Src/freertos.o
 .debug_macro   0x0001544a       0x3c ./Core/Src/freertos.o
 .debug_macro   0x00015486       0x57 ./Core/Src/freertos.o
 .debug_macro   0x000154dd       0x87 ./Core/Src/freertos.o
 .debug_macro   0x00015564      0x240 ./Core/Src/freertos.o
 .debug_macro   0x000157a4      0x140 ./Core/Src/freertos.o
 .debug_macro   0x000158e4      0x28e ./Core/Src/freertos.o
 .debug_macro   0x00015b72       0x83 ./Core/Src/freertos.o
 .debug_macro   0x00015bf5       0x91 ./Core/Src/freertos.o
 .debug_macro   0x00015c86       0x8d ./Core/Src/freertos.o
 .debug_macro   0x00015d13       0x7e ./Core/Src/freertos.o
 .debug_macro   0x00015d91       0x19 ./Core/Src/freertos.o
 .debug_macro   0x00015daa       0xf2 ./Core/Src/freertos.o
 .debug_macro   0x00015e9c       0x61 ./Core/Src/freertos.o
 .debug_macro   0x00015efd       0x24 ./Core/Src/freertos.o
 .debug_macro   0x00015f21       0x43 ./Core/Src/freertos.o
 .debug_macro   0x00015f64       0x34 ./Core/Src/freertos.o
 .debug_macro   0x00015f98       0x16 ./Core/Src/freertos.o
 .debug_macro   0x00015fae       0x3c ./Core/Src/freertos.o
 .debug_macro   0x00015fea      0x370 ./Core/Src/freertos.o
 .debug_macro   0x0001635a       0x10 ./Core/Src/freertos.o
 .debug_macro   0x0001636a       0x16 ./Core/Src/freertos.o
 .debug_macro   0x00016380       0x4a ./Core/Src/freertos.o
 .debug_macro   0x000163ca       0x34 ./Core/Src/freertos.o
 .debug_macro   0x000163fe       0x10 ./Core/Src/freertos.o
 .debug_macro   0x0001640e       0x58 ./Core/Src/freertos.o
 .debug_macro   0x00016466       0x8e ./Core/Src/freertos.o
 .debug_macro   0x000164f4       0x1c ./Core/Src/freertos.o
 .debug_macro   0x00016510      0x185 ./Core/Src/freertos.o
 .debug_macro   0x00016695       0x16 ./Core/Src/freertos.o
 .debug_macro   0x000166ab       0x16 ./Core/Src/freertos.o
 .debug_macro   0x000166c1      0x146 ./Core/Src/freertos.o
 .debug_macro   0x00016807      0x1a2 ./Core/Src/gpio.o
 .debug_macro   0x000169a9      0x263 ./Core/Src/main.o
 .debug_macro   0x00016c0c       0xe4 ./Core/Src/main.o
 .debug_macro   0x00016cf0      0x198 ./Core/Src/stm32f1xx_hal_msp.o
 .debug_macro   0x00016e88      0x20a ./Core/Src/stm32f1xx_it.o
 .debug_macro   0x00017092      0x18e ./Core/Src/system_stm32f1xx.o
 .debug_macro   0x00017220      0x1a2 ./Core/Src/usart.o
 .debug_macro   0x000173c2      0x1b2 ./Drivers/STM32F1xx_HAL_Driver/Src/stm32f1xx_hal.o
 .debug_macro   0x00017574      0x18e ./Drivers/STM32F1xx_HAL_Driver/Src/stm32f1xx_hal_cortex.o
 .debug_macro   0x00017702      0x1f9 ./Drivers/STM32F1xx_HAL_Driver/Src/stm32f1xx_hal_gpio.o
 .debug_macro   0x000178fb      0x1a0 ./Drivers/STM32F1xx_HAL_Driver/Src/stm32f1xx_hal_rcc.o
 .debug_macro   0x00017a9b      0x18f ./Drivers/STM32F1xx_HAL_Driver/Src/stm32f1xx_hal_uart.o
 .debug_macro   0x00017c2a      0x1fe ./Middlewares/Third_Party/FreeRTOS/Source/CMSIS_RTOS/cmsis_os.o
 .debug_macro   0x00017e28       0x10 ./Middlewares/Third_Party/FreeRTOS/Source/CMSIS_RTOS/cmsis_os.o
 .debug_macro   0x00017e38       0x20 ./Middlewares/Third_Party/FreeRTOS/Source/CMSIS_RTOS/cmsis_os.o
 .debug_macro   0x00017e58       0xab ./Middlewares/Third_Party/FreeRTOS/Source/CMSIS_RTOS/cmsis_os.o
 .debug_macro   0x00017f03      0x187 ./Middlewares/Third_Party/FreeRTOS/Source/list.o
 .debug_macro   0x0001808a      0x216 ./Middlewares/Third_Party/FreeRTOS/Source/queue.o
 .debug_macro   0x000182a0       0x16 ./Middlewares/Third_Party/FreeRTOS/Source/queue.o
 .debug_macro   0x000182b6       0x87 ./Middlewares/Third_Party/FreeRTOS/Source/queue.o
 .debug_macro   0x0001833d      0x279 ./Middlewares/Third_Party/FreeRTOS/Source/tasks.o
 .debug_macro   0x000185b6       0x10 ./Middlewares/Third_Party/FreeRTOS/Source/tasks.o
 .debug_macro   0x000185c6      0x172 ./Middlewares/Third_Party/FreeRTOS/Source/portable/GCC/ARM_CM3/port.o
 .debug_macro   0x00018738      0x1ae ./Middlewares/Third_Party/FreeRTOS/Source/portable/MemMang/heap_4.o

.debug_line     0x00000000     0xe326
 .debug_line    0x00000000      0xa83 ./Core/Src/freertos.o
 .debug_line    0x00000a83      0x6c8 ./Core/Src/gpio.o
 .debug_line    0x0000114b      0x8cd ./Core/Src/main.o
 .debug_line    0x00001a18      0x6cd ./Core/Src/stm32f1xx_hal_msp.o
 .debug_line    0x000020e5      0x863 ./Core/Src/stm32f1xx_it.o
 .debug_line    0x00002948      0x74a ./Core/Src/system_stm32f1xx.o
 .debug_line    0x00003092      0x73f ./Core/Src/usart.o
 .debug_line    0x000037d1       0x78 ./Core/Startup/startup_stm32f103c8tx.o
 .debug_line    0x00003849      0x97b ./Drivers/STM32F1xx_HAL_Driver/Src/stm32f1xx_hal.o
 .debug_line    0x000041c4      0xb45 ./Drivers/STM32F1xx_HAL_Driver/Src/stm32f1xx_hal_cortex.o
 .debug_line    0x00004d09      0x9d8 ./Drivers/STM32F1xx_HAL_Driver/Src/stm32f1xx_hal_gpio.o
 .debug_line    0x000056e1      0xe34 ./Drivers/STM32F1xx_HAL_Driver/Src/stm32f1xx_hal_rcc.o
 .debug_line    0x00006515     0x2497 ./Drivers/STM32F1xx_HAL_Driver/Src/stm32f1xx_hal_uart.o
 .debug_line    0x000089ac     0x12ff ./Middlewares/Third_Party/FreeRTOS/Source/CMSIS_RTOS/cmsis_os.o
 .debug_line    0x00009cab      0x78b ./Middlewares/Third_Party/FreeRTOS/Source/list.o
 .debug_line    0x0000a436     0x14cf ./Middlewares/Third_Party/FreeRTOS/Source/queue.o
 .debug_line    0x0000b905     0x18c6 ./Middlewares/Third_Party/FreeRTOS/Source/tasks.o
 .debug_line    0x0000d1cb      0x7ba ./Middlewares/Third_Party/FreeRTOS/Source/portable/GCC/ARM_CM3/port.o
 .debug_line    0x0000d985      0x9a1 ./Middlewares/Third_Party/FreeRTOS/Source/portable/MemMang/heap_4.o

.debug_str      0x00000000    0x8ac9e
 .debug_str     0x00000000    0x8ac9e ./Core/Src/freertos.o
                              0x86ab8 (size before relaxing)
 .debug_str     0x0008ac9e    0x7ca08 ./Core/Src/gpio.o
 .debug_str     0x0008ac9e    0x82beb ./Core/Src/main.o
 .debug_str     0x0008ac9e    0x7cd2a ./Core/Src/stm32f1xx_hal_msp.o
 .debug_str     0x0008ac9e    0x80817 ./Core/Src/stm32f1xx_it.o
 .debug_str     0x0008ac9e    0x7ca61 ./Core/Src/system_stm32f1xx.o
 .debug_str     0x0008ac9e    0x7cef6 ./Core/Src/usart.o
 .debug_str     0x0008ac9e       0x8b ./Core/Startup/startup_stm32f103c8tx.o
 .debug_str     0x0008ac9e    0x7d194 ./Drivers/STM32F1xx_HAL_Driver/Src/stm32f1xx_hal.o
 .debug_str     0x0008ac9e    0x7d0e0 ./Drivers/STM32F1xx_HAL_Driver/Src/stm32f1xx_hal_cortex.o
 .debug_str     0x0008ac9e    0x7cde7 ./Drivers/STM32F1xx_HAL_Driver/Src/stm32f1xx_hal_gpio.o
 .debug_str     0x0008ac9e    0x7ce90 ./Drivers/STM32F1xx_HAL_Driver/Src/stm32f1xx_hal_rcc.o
 .debug_str     0x0008ac9e    0x7d501 ./Drivers/STM32F1xx_HAL_Driver/Src/stm32f1xx_hal_uart.o
 .debug_str     0x0008ac9e     0xe6bc ./Middlewares/Third_Party/FreeRTOS/Source/CMSIS_RTOS/cmsis_os.o
 .debug_str     0x0008ac9e     0xabb8 ./Middlewares/Third_Party/FreeRTOS/Source/list.o
 .debug_str     0x0008ac9e     0xc54b ./Middlewares/Third_Party/FreeRTOS/Source/queue.o
 .debug_str     0x0008ac9e     0xcf23 ./Middlewares/Third_Party/FreeRTOS/Source/tasks.o
 .debug_str     0x0008ac9e     0x865e ./Middlewares/Third_Party/FreeRTOS/Source/portable/GCC/ARM_CM3/port.o
 .debug_str     0x0008ac9e     0xb4fa ./Middlewares/Third_Party/FreeRTOS/Source/portable/MemMang/heap_4.o

.comment        0x00000000       0x43
 .comment       0x00000000       0x43 ./Core/Src/freertos.o
                                 0x44 (size before relaxing)
 .comment       0x00000043       0x44 ./Core/Src/gpio.o
 .comment       0x00000043       0x44 ./Core/Src/main.o
 .comment       0x00000043       0x44 ./Core/Src/stm32f1xx_hal_msp.o
 .comment       0x00000043       0x44 ./Core/Src/stm32f1xx_it.o
 .comment       0x00000043       0x44 ./Core/Src/system_stm32f1xx.o
 .comment       0x00000043       0x44 ./Core/Src/usart.o
 .comment       0x00000043       0x44 ./Drivers/STM32F1xx_HAL_Driver/Src/stm32f1xx_hal.o
 .comment       0x00000043       0x44 ./Drivers/STM32F1xx_HAL_Driver/Src/stm32f1xx_hal_cortex.o
 .comment       0x00000043       0x44 ./Drivers/STM32F1xx_HAL_Driver/Src/stm32f1xx_hal_gpio.o
 .comment       0x00000043       0x44 ./Drivers/STM32F1xx_HAL_Driver/Src/stm32f1xx_hal_rcc.o
 .comment       0x00000043       0x44 ./Drivers/STM32F1xx_HAL_Driver/Src/stm32f1xx_hal_uart.o
 .comment       0x00000043       0x44 ./Middlewares/Third_Party/FreeRTOS/Source/CMSIS_RTOS/cmsis_os.o
 .comment       0x00000043       0x44 ./Middlewares/Third_Party/FreeRTOS/Source/list.o
 .comment       0x00000043       0x44 ./Middlewares/Third_Party/FreeRTOS/Source/queue.o
 .comment       0x00000043       0x44 ./Middlewares/Third_Party/FreeRTOS/Source/tasks.o
 .comment       0x00000043       0x44 ./Middlewares/Third_Party/FreeRTOS/Source/portable/GCC/ARM_CM3/port.o
 .comment       0x00000043       0x44 ./Middlewares/Third_Party/FreeRTOS/Source/portable/MemMang/heap_4.o

.debug_frame    0x00000000     0x2f58
 .debug_frame   0x00000000       0xec ./Core/Src/freertos.o
 .debug_frame   0x000000ec       0x38 ./Core/Src/gpio.o
 .debug_frame   0x00000124       0x68 ./Core/Src/main.o
 .debug_frame   0x0000018c       0x34 ./Core/Src/stm32f1xx_hal_msp.o
 .debug_frame   0x000001c0       0xc4 ./Core/Src/stm32f1xx_it.o
 .debug_frame   0x00000284       0x58 ./Core/Src/system_stm32f1xx.o
 .debug_frame   0x000002dc       0x74 ./Core/Src/usart.o
 .debug_frame   0x00000350      0x334 ./Drivers/STM32F1xx_HAL_Driver/Src/stm32f1xx_hal.o
 .debug_frame   0x00000684      0x428 ./Drivers/STM32F1xx_HAL_Driver/Src/stm32f1xx_hal_cortex.o
 .debug_frame   0x00000aac      0x14c ./Drivers/STM32F1xx_HAL_Driver/Src/stm32f1xx_hal_gpio.o
 .debug_frame   0x00000bf8      0x218 ./Drivers/STM32F1xx_HAL_Driver/Src/stm32f1xx_hal_rcc.o
 .debug_frame   0x00000e10      0x944 ./Drivers/STM32F1xx_HAL_Driver/Src/stm32f1xx_hal_uart.o
 .debug_frame   0x00001754      0x80c ./Middlewares/Third_Party/FreeRTOS/Source/CMSIS_RTOS/cmsis_os.o
 .debug_frame   0x00001f60       0xd8 ./Middlewares/Third_Party/FreeRTOS/Source/list.o
 .debug_frame   0x00002038      0x46c ./Middlewares/Third_Party/FreeRTOS/Source/queue.o
 .debug_frame   0x000024a4      0x77c ./Middlewares/Third_Party/FreeRTOS/Source/tasks.o
 .debug_frame   0x00002c20      0x198 ./Middlewares/Third_Party/FreeRTOS/Source/portable/GCC/ARM_CM3/port.o
 .debug_frame   0x00002db8      0x12c ./Middlewares/Third_Party/FreeRTOS/Source/portable/MemMang/heap_4.o
 .debug_frame   0x00002ee4       0x20 C:/ST/STM32CubeIDE_1.19.0/STM32CubeIDE/plugins/com.st.stm32cube.ide.mcu.externaltools.gnu-tools-for-stm32.13.3.rel1.win32_1.0.0.202411081344/tools/bin/../lib/gcc/arm-none-eabi/13.3.1/../../../../arm-none-eabi/lib/thumb/v7-m/nofp\libc_nano.a(libc_a-memset.o)
 .debug_frame   0x00002f04       0x2c C:/ST/STM32CubeIDE_1.19.0/STM32CubeIDE/plugins/com.st.stm32cube.ide.mcu.externaltools.gnu-tools-for-stm32.13.3.rel1.win32_1.0.0.202411081344/tools/bin/../lib/gcc/arm-none-eabi/13.3.1/../../../../arm-none-eabi/lib/thumb/v7-m/nofp\libc_nano.a(libc_a-init.o)
 .debug_frame   0x00002f30       0x28 C:/ST/STM32CubeIDE_1.19.0/STM32CubeIDE/plugins/com.st.stm32cube.ide.mcu.externaltools.gnu-tools-for-stm32.13.3.rel1.win32_1.0.0.202411081344/tools/bin/../lib/gcc/arm-none-eabi/13.3.1/../../../../arm-none-eabi/lib/thumb/v7-m/nofp\libc_nano.a(libc_a-memcpy-stub.o)

.debug_line_str
                0x00000000       0x6f
 .debug_line_str
                0x00000000       0x6f ./Core/Startup/startup_stm32f103c8tx.o
