16:56:43 **** Incremental Build of configuration Debug for project priority_inversion_demo ****
make -j4 all 
arm-none-eabi-gcc "../Core/Src/freertos.c" -mcpu=cortex-m3 -std=gnu11 -g3 -DDEBUG -DUSE_HAL_DRIVER -DSTM32F103xB -c -I../Core/Inc -I../Drivers/STM32F1xx_HAL_Driver/Inc/Legacy -I../Drivers/STM32F1xx_HAL_Driver/Inc -I../Drivers/CMSIS/Device/ST/STM32F1xx/Include -I../Drivers/CMSIS/Include -I../Middlewares/Third_Party/FreeRTOS/Source/include -I../Middlewares/Third_Party/FreeRTOS/Source/CMSIS_RTOS -I../Middlewares/Third_Party/FreeRTOS/Source/portable/GCC/ARM_CM3 -O0 -ffunction-sections -fdata-sections -Wall -fstack-usage -fcyclomatic-complexity -MMD -MP -MF"Core/Src/freertos.d" -MT"Core/Src/freertos.o" --specs=nano.specs -mfloat-abi=soft -mthumb -o "Core/Src/freertos.o"
arm-none-eabi-gcc -o "priority_inversion_demo.elf" @"objects.list"   -mcpu=cortex-m3 -T"C:\Users\ahame\OneDrive\Desktop\FreeRTOS\priority_inversion_demo\STM32F103C8TX_FLASH.ld" --specs=nosys.specs -Wl,-Map="priority_inversion_demo.map" -Wl,--gc-sections -static --specs=nano.specs -mfloat-abi=soft -mthumb -Wl,--start-group -lc -lm -Wl,--end-group
Finished building target: priority_inversion_demo.elf
 
arm-none-eabi-size  priority_inversion_demo.elf 
arm-none-eabi-objdump -h -S priority_inversion_demo.elf  > "priority_inversion_demo.list"
   text	   data	    bss	    dec	    hex	filename
  16648	     16	   5672	  22336	   5740	priority_inversion_demo.elf
Finished building: default.size.stdout
 
Finished building: priority_inversion_demo.list
 

16:56:50 Build Finished. 0 errors, 0 warnings. (took 7s.661ms)

